// Jest Snapshot v1, https://goo.gl/fbAQLP

exports[`ProductDetailsPage renders correctly 1`] = `
<div>
  <div
    class="MuiContainer-root product-details-container MuiContainer-maxWidthLg"
    data-testid="product-details-page"
  >
    <div
      class="MuiPaper-root product-details-paper MuiPaper-elevation1 MuiPaper-rounded"
    >
      <div
        class="MuiGrid-root MuiGrid-container MuiGrid-spacing-xs-4"
      >
        <div
          class="MuiGrid-root MuiGrid-item MuiGrid-grid-xs-12 MuiGrid-grid-md-6"
        >
          <img
            alt="Test Product 1"
            class="product-image"
            data-testid="product-image"
            src="test1.jpg"
          />
        </div>
        <div
          class="MuiGrid-root MuiGrid-item MuiGrid-grid-xs-12 MuiGrid-grid-md-6"
        >
          <div
            class="MuiBox-root MuiBox-root-2 product-details"
          >
            <h1
              class="MuiTypography-root product-title MuiTypography-h4"
              data-testid="product-title"
            >
              Test Product 1
            </h1>
            <p
              class="MuiTypography-root product-price MuiTypography-h5"
              data-testid="product-price"
            >
              $
              10.99
            </p>
            <div
              class="MuiTypography-root product-description MuiTypography-body1"
              data-testid="product-description"
            >
              Test description 1
            </div>
            <button
              class="MuiButtonBase-root MuiButton-root MuiButton-contained add-to-cart-button MuiButton-containedPrimary MuiButton-containedSizeLarge MuiButton-sizeLarge"
              data-testid="add-to-cart-button"
              tabindex="0"
              type="button"
            >
              <span
                class="MuiButton-label"
              >
                <span
                  class="MuiButton-startIcon MuiButton-iconSizeLarge"
                >
                  <svg
                    aria-hidden="true"
                    class="MuiSvgIcon-root"
                    focusable="false"
                    viewBox="0 0 24 24"
                  >
                    <path
                      d="M7 18c-1.1 0-1.99.9-1.99 2S5.9 22 7 22s2-.9 2-2-.9-2-2-2zM1 2v2h2l3.6 7.59-1.35 2.45c-.16.28-.25.61-.25.96 0 1.1.9 2 2 2h12v-2H7.42c-.14 0-.25-.11-.25-.25l.03-.12.9-1.63h7.45c.75 0 1.41-.41 1.75-1.03l3.58-6.49c.08-.14.12-.31.12-.48 0-.55-.45-1-1-1H5.21l-.94-2H1zm16 16c-1.1 0-1.99.9-1.99 2s.89 2 1.99 2 2-.9 2-2-.9-2-2-2z"
                    />
                  </svg>
                </span>
                Add to Cart
              </span>
              <span
                class="MuiTouchRipple-root"
              />
            </button>
          </div>
        </div>
      </div>
    </div>
  </div>
</div>
`;
